---
source: tests/snapshots.rs
expression: "String::from_utf8(ex.finish().unwrap()).unwrap()"
input_file: tests/cases/Base.lean
---
{"meta":{"exporter":{"name":"tiny-olean","version":"0.1.0"},"format":{"version":"3.1.0"},"lean":{"githash":"470d5ce1400764999581fd26d5d72b00d990b0f4","version":"4.35.0-rc3"}}}
{"in":1,"str":{"pre":0,"str":"Pair"}}
{"in":2,"str":{"pre":1,"str":"mk"}}
{"in":3,"str":{"pre":0,"str":"u"}}
{"in":4,"str":{"pre":0,"str":"v"}}
{"il":1,"param":3}
{"il":2,"param":4}
{"in":5,"str":{"pre":0,"str":"α"}}
{"il":3,"succ":1}
{"ie":0,"sort":3}
{"in":6,"str":{"pre":0,"str":"β"}}
{"il":4,"succ":2}
{"ie":1,"sort":4}
{"in":7,"str":{"pre":0,"str":"fst"}}
{"bvar":1,"ie":2}
{"in":8,"str":{"pre":0,"str":"snd"}}
{"const":{"name":1,"us":[1,2]},"ie":3}
{"bvar":3,"ie":4}
{"app":{"arg":4,"fn":3},"ie":5}
{"bvar":2,"ie":6}
{"app":{"arg":6,"fn":5},"ie":7}
{"forallE":{"binderInfo":"default","body":7,"name":8,"type":2},"ie":8}
{"forallE":{"binderInfo":"default","body":8,"name":7,"type":2},"ie":9}
{"forallE":{"binderInfo":"implicit","body":9,"name":6,"type":1},"ie":10}
{"forallE":{"binderInfo":"implicit","body":10,"name":5,"type":0},"ie":11}
{"in":9,"str":{"pre":1,"str":"rec"}}
{"in":10,"str":{"pre":0,"str":"u_1"}}
{"il":5,"param":10}
{"in":11,"str":{"pre":0,"str":"motive"}}
{"in":12,"str":{"pre":0,"str":"t"}}
{"app":{"arg":2,"fn":3},"ie":12}
{"bvar":0,"ie":13}
{"app":{"arg":13,"fn":12},"ie":14}
{"ie":15,"sort":5}
{"forallE":{"binderInfo":"default","body":15,"name":12,"type":14},"ie":16}
{"in":13,"str":{"pre":0,"str":"mk"}}
{"const":{"name":2,"us":[1,2]},"ie":17}
{"bvar":4,"ie":18}
{"app":{"arg":18,"fn":17},"ie":19}
{"app":{"arg":4,"fn":19},"ie":20}
{"app":{"arg":2,"fn":20},"ie":21}
{"app":{"arg":13,"fn":21},"ie":22}
{"app":{"arg":22,"fn":6},"ie":23}
{"forallE":{"binderInfo":"default","body":23,"name":8,"type":6},"ie":24}
{"forallE":{"binderInfo":"default","body":24,"name":7,"type":6},"ie":25}
{"app":{"arg":13,"fn":6},"ie":26}
{"forallE":{"binderInfo":"default","body":26,"name":12,"type":7},"ie":27}
{"forallE":{"binderInfo":"default","body":27,"name":13,"type":25},"ie":28}
{"forallE":{"binderInfo":"implicit","body":28,"name":11,"type":16},"ie":29}
{"forallE":{"binderInfo":"implicit","body":29,"name":6,"type":1},"ie":30}
{"forallE":{"binderInfo":"implicit","body":30,"name":5,"type":0},"ie":31}
{"app":{"arg":2,"fn":6},"ie":32}
{"app":{"arg":13,"fn":32},"ie":33}
{"ie":34,"lam":{"binderInfo":"default","body":33,"name":8,"type":4}}
{"ie":35,"lam":{"binderInfo":"default","body":34,"name":7,"type":4}}
{"ie":36,"lam":{"binderInfo":"default","body":35,"name":13,"type":25}}
{"ie":37,"lam":{"binderInfo":"default","body":36,"name":11,"type":16}}
{"ie":38,"lam":{"binderInfo":"default","body":37,"name":6,"type":1}}
{"ie":39,"lam":{"binderInfo":"default","body":38,"name":5,"type":0}}
{"il":6,"max":[3,4]}
{"ie":40,"sort":6}
{"forallE":{"binderInfo":"default","body":40,"name":6,"type":1},"ie":41}
{"forallE":{"binderInfo":"default","body":41,"name":5,"type":0},"ie":42}
{"inductive":{"ctors":[{"cidx":0,"induct":1,"isUnsafe":false,"levelParams":[3,4],"name":2,"numFields":2,"numParams":2,"type":11}],"recs":[{"all":[1],"isUnsafe":false,"k":false,"levelParams":[10,3,4],"name":9,"numIndices":0,"numMinors":1,"numMotives":1,"numParams":2,"rules":[{"ctor":2,"nfields":2,"rhs":39}],"type":31}],"types":[{"all":[1],"ctors":[2],"isRec":false,"isReflexive":false,"isUnsafe":false,"levelParams":[3,4],"name":1,"numIndices":0,"numNested":0,"numParams":2,"type":42}]}}
{"in":14,"str":{"pre":1,"str":"recOn"}}
{"app":{"arg":6,"fn":3},"ie":43}
{"app":{"arg":2,"fn":43},"ie":44}
{"bvar":5,"ie":45}
{"app":{"arg":45,"fn":17},"ie":46}
{"app":{"arg":18,"fn":46},"ie":47}
{"app":{"arg":2,"fn":47},"ie":48}
{"app":{"arg":13,"fn":48},"ie":49}
{"app":{"arg":49,"fn":4},"ie":50}
{"forallE":{"binderInfo":"default","body":50,"name":8,"type":4},"ie":51}
{"forallE":{"binderInfo":"default","body":51,"name":7,"type":4},"ie":52}
{"forallE":{"binderInfo":"default","body":32,"name":13,"type":52},"ie":53}
{"forallE":{"binderInfo":"default","body":53,"name":12,"type":44},"ie":54}
{"forallE":{"binderInfo":"implicit","body":54,"name":11,"type":16},"ie":55}
{"forallE":{"binderInfo":"implicit","body":55,"name":6,"type":1},"ie":56}
{"forallE":{"binderInfo":"implicit","body":56,"name":5,"type":0},"ie":57}
{"const":{"name":9,"us":[5,1,2]},"ie":58}
{"app":{"arg":18,"fn":58},"ie":59}
{"app":{"arg":4,"fn":59},"ie":60}
{"app":{"arg":6,"fn":60},"ie":61}
{"app":{"arg":13,"fn":61},"ie":62}
{"app":{"arg":2,"fn":62},"ie":63}
{"ie":64,"lam":{"binderInfo":"default","body":63,"name":13,"type":52}}
{"ie":65,"lam":{"binderInfo":"default","body":64,"name":12,"type":44}}
{"ie":66,"lam":{"binderInfo":"implicit","body":65,"name":11,"type":16}}
{"ie":67,"lam":{"binderInfo":"implicit","body":66,"name":6,"type":1}}
{"ie":68,"lam":{"binderInfo":"implicit","body":67,"name":5,"type":0}}
{"def":{"all":[14],"hints":"abbrev","levelParams":[10,3,4],"name":14,"safety":"safe","type":57,"value":68}}
{"in":15,"str":{"pre":0,"str":"PUnit"}}
{"in":16,"str":{"pre":15,"str":"unit"}}
{"const":{"name":15,"us":[1]},"ie":69}
{"in":17,"str":{"pre":15,"str":"rec"}}
{"forallE":{"binderInfo":"default","body":15,"name":12,"type":69},"ie":70}
{"in":18,"str":{"pre":0,"str":"unit"}}
{"const":{"name":16,"us":[1]},"ie":71}
{"app":{"arg":71,"fn":13},"ie":72}
{"forallE":{"binderInfo":"default","body":26,"name":12,"type":69},"ie":73}
{"forallE":{"binderInfo":"default","body":73,"name":18,"type":72},"ie":74}
{"forallE":{"binderInfo":"implicit","body":74,"name":11,"type":70},"ie":75}
{"ie":76,"lam":{"binderInfo":"default","body":13,"name":18,"type":72}}
{"ie":77,"lam":{"binderInfo":"default","body":76,"name":11,"type":70}}
{"ie":78,"sort":1}
{"inductive":{"ctors":[{"cidx":0,"induct":15,"isUnsafe":false,"levelParams":[3],"name":16,"numFields":0,"numParams":0,"type":69}],"recs":[{"all":[15],"isUnsafe":false,"k":false,"levelParams":[10,3],"name":17,"numIndices":0,"numMinors":1,"numMotives":1,"numParams":0,"rules":[{"ctor":16,"nfields":0,"rhs":77}],"type":75}],"types":[{"all":[15],"ctors":[16],"isRec":false,"isReflexive":false,"isUnsafe":false,"levelParams":[3],"name":15,"numIndices":0,"numNested":0,"numParams":0,"type":78}]}}
{"in":19,"str":{"pre":15,"str":"recOn"}}
{"app":{"arg":71,"fn":2},"ie":79}
{"forallE":{"binderInfo":"default","body":32,"name":18,"type":79},"ie":80}
{"forallE":{"binderInfo":"default","body":80,"name":12,"type":69},"ie":81}
{"forallE":{"binderInfo":"implicit","body":81,"name":11,"type":70},"ie":82}
{"const":{"name":17,"us":[5,1]},"ie":83}
{"app":{"arg":6,"fn":83},"ie":84}
{"app":{"arg":13,"fn":84},"ie":85}
{"app":{"arg":2,"fn":85},"ie":86}
{"ie":87,"lam":{"binderInfo":"default","body":86,"name":18,"type":79}}
{"ie":88,"lam":{"binderInfo":"default","body":87,"name":12,"type":69}}
{"ie":89,"lam":{"binderInfo":"implicit","body":88,"name":11,"type":70}}
{"def":{"all":[19],"hints":"abbrev","levelParams":[10,3],"name":19,"safety":"safe","type":82,"value":89}}
{"in":20,"str":{"pre":0,"str":"Eq"}}
{"in":21,"str":{"pre":20,"str":"refl"}}
{"in":22,"str":{"pre":0,"str":"a"}}
{"const":{"name":20,"us":[1]},"ie":90}
{"app":{"arg":2,"fn":90},"ie":91}
{"app":{"arg":13,"fn":91},"ie":92}
{"app":{"arg":13,"fn":92},"ie":93}
{"forallE":{"binderInfo":"default","body":93,"name":22,"type":13},"ie":94}
{"forallE":{"binderInfo":"implicit","body":94,"name":5,"type":78},"ie":95}
{"in":23,"str":{"pre":20,"str":"rec"}}
{"in":24,"str":{"pre":22,"str":"_@"}}
{"in":25,"str":{"pre":24,"str":"_internal"}}
{"in":26,"str":{"pre":25,"str":"_hyg"}}
{"in":27,"num":{"i":0,"pre":26}}
{"app":{"arg":6,"fn":90},"ie":96}
{"app":{"arg":2,"fn":96},"ie":97}
{"app":{"arg":13,"fn":97},"ie":98}
{"forallE":{"binderInfo":"default","body":15,"name":12,"type":98},"ie":99}
{"forallE":{"binderInfo":"default","body":99,"name":27,"type":2},"ie":100}
{"in":28,"str":{"pre":0,"str":"refl"}}
{"app":{"arg":2,"fn":13},"ie":101}
{"const":{"name":21,"us":[1]},"ie":102}
{"app":{"arg":6,"fn":102},"ie":103}
{"app":{"arg":2,"fn":103},"ie":104}
{"app":{"arg":104,"fn":101},"ie":105}
{"app":{"arg":18,"fn":90},"ie":106}
{"app":{"arg":4,"fn":106},"ie":107}
{"app":{"arg":13,"fn":107},"ie":108}
{"app":{"arg":2,"fn":4},"ie":109}
{"app":{"arg":13,"fn":109},"ie":110}
{"forallE":{"binderInfo":"default","body":110,"name":12,"type":108},"ie":111}
{"forallE":{"binderInfo":"implicit","body":111,"name":27,"type":4},"ie":112}
{"forallE":{"binderInfo":"default","body":112,"name":28,"type":105},"ie":113}
{"forallE":{"binderInfo":"implicit","body":113,"name":11,"type":100},"ie":114}
{"forallE":{"binderInfo":"implicit","body":114,"name":27,"type":13},"ie":115}
{"forallE":{"binderInfo":"implicit","body":115,"name":5,"type":78},"ie":116}
{"ie":117,"lam":{"binderInfo":"default","body":13,"name":28,"type":105}}
{"ie":118,"lam":{"binderInfo":"default","body":117,"name":11,"type":100}}
{"ie":119,"lam":{"binderInfo":"default","body":118,"name":27,"type":13}}
{"ie":120,"lam":{"binderInfo":"implicit","body":119,"name":5,"type":78}}
{"ie":121,"sort":0}
{"forallE":{"binderInfo":"default","body":121,"name":27,"type":2},"ie":122}
{"forallE":{"binderInfo":"default","body":122,"name":27,"type":13},"ie":123}
{"forallE":{"binderInfo":"implicit","body":123,"name":5,"type":78},"ie":124}
{"inductive":{"ctors":[{"cidx":0,"induct":20,"isUnsafe":false,"levelParams":[3],"name":21,"numFields":0,"numParams":2,"type":95}],"recs":[{"all":[20],"isUnsafe":false,"k":true,"levelParams":[10,3],"name":23,"numIndices":1,"numMinors":1,"numMotives":1,"numParams":2,"rules":[{"ctor":21,"nfields":0,"rhs":120}],"type":116}],"types":[{"all":[20],"ctors":[21],"isRec":false,"isReflexive":false,"isUnsafe":false,"levelParams":[3],"name":20,"numIndices":1,"numNested":0,"numParams":2,"type":124}]}}
{"in":29,"str":{"pre":0,"str":"N"}}
{"in":30,"str":{"pre":29,"str":"zero"}}
{"const":{"name":29,"us":[]},"ie":125}
{"in":31,"str":{"pre":29,"str":"succ"}}
{"in":32,"str":{"pre":0,"str":"n"}}
{"forallE":{"binderInfo":"default","body":125,"name":32,"type":125},"ie":126}
{"in":33,"str":{"pre":29,"str":"rec"}}
{"forallE":{"binderInfo":"default","body":78,"name":12,"type":125},"ie":127}
{"in":34,"str":{"pre":0,"str":"zero"}}
{"const":{"name":30,"us":[]},"ie":128}
{"app":{"arg":128,"fn":13},"ie":129}
{"in":35,"str":{"pre":0,"str":"succ"}}
{"in":36,"str":{"pre":0,"str":"n_ih"}}
{"const":{"name":31,"us":[]},"ie":130}
{"app":{"arg":2,"fn":130},"ie":131}
{"app":{"arg":131,"fn":4},"ie":132}
{"forallE":{"binderInfo":"default","body":132,"name":36,"type":26},"ie":133}
{"forallE":{"binderInfo":"default","body":133,"name":32,"type":125},"ie":134}
{"app":{"arg":13,"fn":4},"ie":135}
{"forallE":{"binderInfo":"default","body":135,"name":12,"type":125},"ie":136}
{"forallE":{"binderInfo":"default","body":136,"name":35,"type":134},"ie":137}
{"forallE":{"binderInfo":"default","body":137,"name":34,"type":129},"ie":138}
{"forallE":{"binderInfo":"implicit","body":138,"name":11,"type":127},"ie":139}
{"ie":140,"lam":{"binderInfo":"default","body":2,"name":35,"type":134}}
{"ie":141,"lam":{"binderInfo":"default","body":140,"name":34,"type":129}}
{"ie":142,"lam":{"binderInfo":"default","body":141,"name":11,"type":127}}
{"app":{"arg":13,"fn":2},"ie":143}
{"const":{"name":33,"us":[1]},"ie":144}
{"app":{"arg":4,"fn":144},"ie":145}
{"app":{"arg":6,"fn":145},"ie":146}
{"app":{"arg":2,"fn":146},"ie":147}
{"app":{"arg":13,"fn":147},"ie":148}
{"app":{"arg":148,"fn":143},"ie":149}
{"ie":150,"lam":{"binderInfo":"default","body":149,"name":32,"type":125}}
{"ie":151,"lam":{"binderInfo":"default","body":150,"name":35,"type":134}}
{"ie":152,"lam":{"binderInfo":"default","body":151,"name":34,"type":129}}
{"ie":153,"lam":{"binderInfo":"default","body":152,"name":11,"type":127}}
{"il":7,"succ":0}
{"ie":154,"sort":7}
{"inductive":{"ctors":[{"cidx":0,"induct":29,"isUnsafe":false,"levelParams":[],"name":30,"numFields":0,"numParams":0,"type":125},{"cidx":1,"induct":29,"isUnsafe":false,"levelParams":[],"name":31,"numFields":1,"numParams":0,"type":126}],"recs":[{"all":[29],"isUnsafe":false,"k":false,"levelParams":[3],"name":33,"numIndices":0,"numMinors":2,"numMotives":1,"numParams":0,"rules":[{"ctor":30,"nfields":0,"rhs":142},{"ctor":31,"nfields":1,"rhs":153}],"type":139}],"types":[{"all":[29],"ctors":[30,31],"isRec":true,"isReflexive":false,"isUnsafe":false,"levelParams":[],"name":29,"numIndices":0,"numNested":0,"numParams":0,"type":154}]}}
{"in":37,"str":{"pre":1,"str":"fst"}}
{"in":38,"str":{"pre":0,"str":"self"}}
{"forallE":{"binderInfo":"default","body":6,"name":38,"type":14},"ie":155}
{"forallE":{"binderInfo":"implicit","body":155,"name":6,"type":1},"ie":156}
{"forallE":{"binderInfo":"implicit","body":156,"name":5,"type":0},"ie":157}
{"ie":158,"proj":{"idx":0,"struct":13,"typeName":1}}
{"ie":159,"lam":{"binderInfo":"default","body":158,"name":38,"type":14}}
{"ie":160,"lam":{"binderInfo":"default","body":159,"name":6,"type":1}}
{"ie":161,"lam":{"binderInfo":"default","body":160,"name":5,"type":0}}
{"def":{"all":[37],"hints":"abbrev","levelParams":[3,4],"name":37,"safety":"safe","type":157,"value":161}}
{"in":39,"str":{"pre":20,"str":"recOn"}}
{"app":{"arg":4,"fn":90},"ie":162}
{"app":{"arg":6,"fn":162},"ie":163}
{"app":{"arg":13,"fn":163},"ie":164}
{"app":{"arg":4,"fn":6},"ie":165}
{"app":{"arg":18,"fn":102},"ie":166}
{"app":{"arg":4,"fn":166},"ie":167}
{"app":{"arg":167,"fn":165},"ie":168}
{"app":{"arg":6,"fn":4},"ie":169}
{"app":{"arg":2,"fn":169},"ie":170}
{"forallE":{"binderInfo":"default","body":170,"name":28,"type":168},"ie":171}
{"forallE":{"binderInfo":"default","body":171,"name":12,"type":164},"ie":172}
{"forallE":{"binderInfo":"implicit","body":172,"name":27,"type":6},"ie":173}
{"forallE":{"binderInfo":"implicit","body":173,"name":11,"type":100},"ie":174}
{"forallE":{"binderInfo":"implicit","body":174,"name":27,"type":13},"ie":175}
{"forallE":{"binderInfo":"implicit","body":175,"name":5,"type":78},"ie":176}
{"const":{"name":23,"us":[5,1]},"ie":177}
{"app":{"arg":45,"fn":177},"ie":178}
{"app":{"arg":18,"fn":178},"ie":179}
{"app":{"arg":4,"fn":179},"ie":180}
{"app":{"arg":13,"fn":180},"ie":181}
{"app":{"arg":6,"fn":181},"ie":182}
{"app":{"arg":2,"fn":182},"ie":183}
{"ie":184,"lam":{"binderInfo":"default","body":183,"name":28,"type":168}}
{"ie":185,"lam":{"binderInfo":"default","body":184,"name":12,"type":164}}
{"ie":186,"lam":{"binderInfo":"implicit","body":185,"name":27,"type":6}}
{"ie":187,"lam":{"binderInfo":"implicit","body":186,"name":11,"type":100}}
{"ie":188,"lam":{"binderInfo":"implicit","body":187,"name":27,"type":13}}
{"ie":189,"lam":{"binderInfo":"implicit","body":188,"name":5,"type":78}}
{"def":{"all":[39],"hints":"abbrev","levelParams":[10,3],"name":39,"safety":"safe","type":176,"value":189}}
{"in":40,"str":{"pre":1,"str":"casesOn"}}
{"ie":190,"lam":{"binderInfo":"default","body":33,"name":8,"type":18}}
{"ie":191,"lam":{"binderInfo":"default","body":190,"name":7,"type":18}}
{"app":{"arg":191,"fn":61},"ie":192}
{"app":{"arg":2,"fn":192},"ie":193}
{"ie":194,"lam":{"binderInfo":"default","body":193,"name":13,"type":52}}
{"ie":195,"lam":{"binderInfo":"default","body":194,"name":12,"type":44}}
{"ie":196,"lam":{"binderInfo":"implicit","body":195,"name":11,"type":16}}
{"ie":197,"lam":{"binderInfo":"implicit","body":196,"name":6,"type":1}}
{"ie":198,"lam":{"binderInfo":"implicit","body":197,"name":5,"type":0}}
{"def":{"all":[40],"hints":"abbrev","levelParams":[10,3,4],"name":40,"safety":"safe","type":57,"value":198}}
{"in":41,"str":{"pre":29,"str":"casesOn"}}
{"app":{"arg":128,"fn":2},"ie":199}
{"app":{"arg":13,"fn":130},"ie":200}
{"app":{"arg":200,"fn":4},"ie":201}
{"forallE":{"binderInfo":"default","body":201,"name":32,"type":125},"ie":202}
{"forallE":{"binderInfo":"default","body":169,"name":35,"type":202},"ie":203}
{"forallE":{"binderInfo":"default","body":203,"name":34,"type":199},"ie":204}
{"forallE":{"binderInfo":"default","body":204,"name":12,"type":125},"ie":205}
{"forallE":{"binderInfo":"implicit","body":205,"name":11,"type":127},"ie":206}
{"app":{"arg":2,"fn":145},"ie":207}
{"app":{"arg":13,"fn":18},"ie":208}
{"ie":209,"lam":{"binderInfo":"default","body":32,"name":36,"type":208}}
{"ie":210,"lam":{"binderInfo":"default","body":209,"name":32,"type":125}}
{"app":{"arg":210,"fn":207},"ie":211}
{"app":{"arg":6,"fn":211},"ie":212}
{"ie":213,"lam":{"binderInfo":"default","body":212,"name":35,"type":202}}
{"ie":214,"lam":{"binderInfo":"default","body":213,"name":34,"type":199}}
{"ie":215,"lam":{"binderInfo":"default","body":214,"name":12,"type":125}}
{"ie":216,"lam":{"binderInfo":"implicit","body":215,"name":11,"type":127}}
{"def":{"all":[41],"hints":"abbrev","levelParams":[3],"name":41,"safety":"safe","type":206,"value":216}}
{"in":42,"str":{"pre":15,"str":"casesOn"}}
{"def":{"all":[42],"hints":"abbrev","levelParams":[10,3],"name":42,"safety":"safe","type":82,"value":89}}
{"in":43,"str":{"pre":29,"str":"add"}}
{"in":44,"str":{"pre":0,"str":"m"}}
{"forallE":{"binderInfo":"default","body":126,"name":44,"type":125},"ie":217}
{"const":{"name":33,"us":[7]},"ie":218}
{"in":45,"str":{"pre":0,"str":"x"}}
{"in":46,"str":{"pre":45,"str":"_@"}}
{"in":47,"str":{"pre":46,"str":"Base"}}
{"in":48,"num":{"i":2314059840,"pre":47}}
{"in":49,"str":{"pre":48,"str":"_hygCtx"}}
{"in":50,"str":{"pre":49,"str":"_hyg"}}
{"in":51,"num":{"i":8,"pre":50}}
{"ie":219,"lam":{"binderInfo":"default","body":125,"name":51,"type":125}}
{"app":{"arg":219,"fn":218},"ie":220}
{"app":{"arg":2,"fn":220},"ie":221}
{"in":52,"num":{"i":16,"pre":50}}
{"in":53,"str":{"pre":0,"str":"ih"}}
{"ie":222,"lam":{"binderInfo":"default","body":200,"name":53,"type":125}}
{"ie":223,"lam":{"binderInfo":"default","body":222,"name":52,"type":125}}
{"app":{"arg":223,"fn":221},"ie":224}
{"app":{"arg":13,"fn":224},"ie":225}
{"ie":226,"lam":{"binderInfo":"default","body":225,"name":32,"type":125}}
{"ie":227,"lam":{"binderInfo":"default","body":226,"name":44,"type":125}}
{"def":{"all":[43],"hints":{"regular":1},"levelParams":[],"name":43,"safety":"safe","type":217,"value":227}}
{"in":54,"str":{"pre":29,"str":"add_zero"}}
{"const":{"name":20,"us":[7]},"ie":228}
{"app":{"arg":125,"fn":228},"ie":229}
{"const":{"name":43,"us":[]},"ie":230}
{"app":{"arg":13,"fn":230},"ie":231}
{"app":{"arg":128,"fn":231},"ie":232}
{"app":{"arg":232,"fn":229},"ie":233}
{"app":{"arg":13,"fn":233},"ie":234}
{"forallE":{"binderInfo":"default","body":234,"name":44,"type":125},"ie":235}
{"const":{"name":21,"us":[7]},"ie":236}
{"app":{"arg":125,"fn":236},"ie":237}
{"app":{"arg":13,"fn":237},"ie":238}
{"ie":239,"lam":{"binderInfo":"default","body":238,"name":44,"type":125}}
{"thm":{"all":[54],"levelParams":[],"name":54,"type":235,"value":239}}
{"in":55,"str":{"pre":1,"str":"snd"}}
{"forallE":{"binderInfo":"default","body":2,"name":38,"type":14},"ie":240}
{"forallE":{"binderInfo":"implicit","body":240,"name":6,"type":1},"ie":241}
{"forallE":{"binderInfo":"implicit","body":241,"name":5,"type":0},"ie":242}
{"ie":243,"proj":{"idx":1,"struct":13,"typeName":1}}
{"ie":244,"lam":{"binderInfo":"default","body":243,"name":38,"type":14}}
{"ie":245,"lam":{"binderInfo":"default","body":244,"name":6,"type":1}}
{"ie":246,"lam":{"binderInfo":"default","body":245,"name":5,"type":0}}
{"def":{"all":[55],"hints":"abbrev","levelParams":[3,4],"name":55,"safety":"safe","type":242,"value":246}}
{"in":56,"str":{"pre":1,"str":"swap"}}
{"in":57,"str":{"pre":0,"str":"p"}}
{"const":{"name":1,"us":[2,1]},"ie":247}
{"app":{"arg":2,"fn":247},"ie":248}
{"app":{"arg":6,"fn":248},"ie":249}
{"forallE":{"binderInfo":"default","body":249,"name":57,"type":14},"ie":250}
{"forallE":{"binderInfo":"implicit","body":250,"name":6,"type":1},"ie":251}
{"forallE":{"binderInfo":"implicit","body":251,"name":5,"type":0},"ie":252}
{"const":{"name":2,"us":[2,1]},"ie":253}
{"app":{"arg":2,"fn":253},"ie":254}
{"app":{"arg":6,"fn":254},"ie":255}
{"const":{"name":55,"us":[1,2]},"ie":256}
{"app":{"arg":6,"fn":256},"ie":257}
{"app":{"arg":2,"fn":257},"ie":258}
{"app":{"arg":13,"fn":258},"ie":259}
{"app":{"arg":259,"fn":255},"ie":260}
{"const":{"name":37,"us":[1,2]},"ie":261}
{"app":{"arg":6,"fn":261},"ie":262}
{"app":{"arg":2,"fn":262},"ie":263}
{"app":{"arg":13,"fn":263},"ie":264}
{"app":{"arg":264,"fn":260},"ie":265}
{"ie":266,"lam":{"binderInfo":"default","body":265,"name":57,"type":14}}
{"ie":267,"lam":{"binderInfo":"implicit","body":266,"name":6,"type":1}}
{"ie":268,"lam":{"binderInfo":"implicit","body":267,"name":5,"type":0}}
{"def":{"all":[56],"hints":{"regular":1},"levelParams":[3,4],"name":56,"safety":"safe","type":252,"value":268}}
{"in":58,"str":{"pre":0,"str":"Quot"}}
{"in":59,"str":{"pre":0,"str":"r"}}
{"forallE":{"binderInfo":"default","body":78,"name":59,"type":123},"ie":269}
{"forallE":{"binderInfo":"implicit","body":269,"name":5,"type":78},"ie":270}
{"quot":{"kind":"type","levelParams":[3],"name":58,"type":270}}
{"in":60,"str":{"pre":58,"str":"mk"}}
{"const":{"name":58,"us":[1]},"ie":271}
{"app":{"arg":6,"fn":271},"ie":272}
{"app":{"arg":2,"fn":272},"ie":273}
{"forallE":{"binderInfo":"default","body":273,"name":22,"type":2},"ie":274}
{"forallE":{"binderInfo":"default","body":274,"name":59,"type":123},"ie":275}
{"forallE":{"binderInfo":"implicit","body":275,"name":5,"type":78},"ie":276}
{"quot":{"kind":"ctor","levelParams":[3],"name":60,"type":276}}
{"in":61,"str":{"pre":58,"str":"lift"}}
{"ie":277,"sort":2}
{"in":62,"str":{"pre":0,"str":"f"}}
{"forallE":{"binderInfo":"default","body":2,"name":22,"type":6},"ie":278}
{"in":63,"str":{"pre":0,"str":"b"}}
{"app":{"arg":2,"fn":18},"ie":279}
{"app":{"arg":13,"fn":279},"ie":280}
{"const":{"name":20,"us":[2]},"ie":281}
{"app":{"arg":18,"fn":281},"ie":282}
{"app":{"arg":169,"fn":282},"ie":283}
{"app":{"arg":109,"fn":283},"ie":284}
{"forallE":{"binderInfo":"default","body":284,"name":22,"type":280},"ie":285}
{"forallE":{"binderInfo":"default","body":285,"name":63,"type":18},"ie":286}
{"forallE":{"binderInfo":"default","body":286,"name":22,"type":4},"ie":287}
{"app":{"arg":18,"fn":271},"ie":288}
{"app":{"arg":4,"fn":288},"ie":289}
{"forallE":{"binderInfo":"default","body":4,"name":22,"type":289},"ie":290}
{"forallE":{"binderInfo":"default","body":290,"name":22,"type":287},"ie":291}
{"forallE":{"binderInfo":"default","body":291,"name":62,"type":278},"ie":292}
{"forallE":{"binderInfo":"implicit","body":292,"name":6,"type":277},"ie":293}
{"forallE":{"binderInfo":"implicit","body":293,"name":59,"type":123},"ie":294}
{"forallE":{"binderInfo":"implicit","body":294,"name":5,"type":78},"ie":295}
{"quot":{"kind":"lift","levelParams":[3,4],"name":61,"type":295}}
{"in":64,"str":{"pre":58,"str":"ind"}}
{"app":{"arg":2,"fn":271},"ie":296}
{"app":{"arg":13,"fn":296},"ie":297}
{"forallE":{"binderInfo":"default","body":121,"name":22,"type":297},"ie":298}
{"const":{"name":60,"us":[1]},"ie":299}
{"app":{"arg":4,"fn":299},"ie":300}
{"app":{"arg":6,"fn":300},"ie":301}
{"app":{"arg":13,"fn":301},"ie":302}
{"app":{"arg":302,"fn":2},"ie":303}
{"forallE":{"binderInfo":"default","body":303,"name":22,"type":6},"ie":304}
{"in":65,"str":{"pre":0,"str":"q"}}
{"app":{"arg":4,"fn":271},"ie":305}
{"app":{"arg":6,"fn":305},"ie":306}
{"forallE":{"binderInfo":"default","body":26,"name":65,"type":306},"ie":307}
{"forallE":{"binderInfo":"default","body":307,"name":13,"type":304},"ie":308}
{"forallE":{"binderInfo":"implicit","body":308,"name":6,"type":298},"ie":309}
{"forallE":{"binderInfo":"implicit","body":309,"name":59,"type":123},"ie":310}
{"forallE":{"binderInfo":"implicit","body":310,"name":5,"type":78},"ie":311}
{"quot":{"kind":"ind","levelParams":[3],"name":64,"type":311}}
{"in":66,"str":{"pre":0,"str":"choice"}}
{"forallE":{"binderInfo":"implicit","body":13,"name":5,"type":78},"ie":312}
{"axiom":{"isUnsafe":false,"levelParams":[3],"name":66,"type":312}}
{"in":67,"str":{"pre":29,"str":"recOn"}}
{"app":{"arg":131,"fn":18},"ie":313}
{"forallE":{"binderInfo":"default","body":313,"name":36,"type":135},"ie":314}
{"forallE":{"binderInfo":"default","body":314,"name":32,"type":125},"ie":315}
{"forallE":{"binderInfo":"default","body":169,"name":35,"type":315},"ie":316}
{"forallE":{"binderInfo":"default","body":316,"name":34,"type":199},"ie":317}
{"forallE":{"binderInfo":"default","body":317,"name":12,"type":125},"ie":318}
{"forallE":{"binderInfo":"implicit","body":318,"name":11,"type":127},"ie":319}
{"app":{"arg":13,"fn":207},"ie":320}
{"app":{"arg":6,"fn":320},"ie":321}
{"ie":322,"lam":{"binderInfo":"default","body":321,"name":35,"type":315}}
{"ie":323,"lam":{"binderInfo":"default","body":322,"name":34,"type":199}}
{"ie":324,"lam":{"binderInfo":"default","body":323,"name":12,"type":125}}
{"ie":325,"lam":{"binderInfo":"implicit","body":324,"name":11,"type":127}}
{"def":{"all":[67],"hints":"abbrev","levelParams":[3],"name":67,"safety":"safe","type":319,"value":325}}
