---
source: tests/snapshots.rs
expression: "String::from_utf8(ex.finish().unwrap()).unwrap()"
input_file: tests/cases/Extra.lean
---
{"meta":{"exporter":{"name":"tiny-olean","version":"0.1.0"},"format":{"version":"3.1.0"},"lean":{"githash":"470d5ce1400764999581fd26d5d72b00d990b0f4","version":"4.35.0-rc3"}}}
{"in":1,"str":{"pre":0,"str":"Nat"}}
{"in":2,"str":{"pre":1,"str":"zero"}}
{"const":{"name":1,"us":[]},"ie":0}
{"in":3,"str":{"pre":1,"str":"succ"}}
{"in":4,"str":{"pre":0,"str":"n"}}
{"forallE":{"binderInfo":"default","body":0,"name":4,"type":0},"ie":1}
{"in":5,"str":{"pre":1,"str":"rec"}}
{"in":6,"str":{"pre":0,"str":"u"}}
{"il":1,"param":6}
{"in":7,"str":{"pre":0,"str":"motive"}}
{"in":8,"str":{"pre":0,"str":"t"}}
{"ie":2,"sort":1}
{"forallE":{"binderInfo":"default","body":2,"name":8,"type":0},"ie":3}
{"in":9,"str":{"pre":0,"str":"zero"}}
{"bvar":0,"ie":4}
{"const":{"name":2,"us":[]},"ie":5}
{"app":{"arg":5,"fn":4},"ie":6}
{"in":10,"str":{"pre":0,"str":"succ"}}
{"in":11,"str":{"pre":0,"str":"n_ih"}}
{"bvar":2,"ie":7}
{"app":{"arg":4,"fn":7},"ie":8}
{"bvar":3,"ie":9}
{"const":{"name":3,"us":[]},"ie":10}
{"bvar":1,"ie":11}
{"app":{"arg":11,"fn":10},"ie":12}
{"app":{"arg":12,"fn":9},"ie":13}
{"forallE":{"binderInfo":"default","body":13,"name":11,"type":8},"ie":14}
{"forallE":{"binderInfo":"default","body":14,"name":4,"type":0},"ie":15}
{"app":{"arg":4,"fn":9},"ie":16}
{"forallE":{"binderInfo":"default","body":16,"name":8,"type":0},"ie":17}
{"forallE":{"binderInfo":"default","body":17,"name":10,"type":15},"ie":18}
{"forallE":{"binderInfo":"default","body":18,"name":9,"type":6},"ie":19}
{"forallE":{"binderInfo":"implicit","body":19,"name":7,"type":3},"ie":20}
{"ie":21,"lam":{"binderInfo":"default","body":11,"name":10,"type":15}}
{"ie":22,"lam":{"binderInfo":"default","body":21,"name":9,"type":6}}
{"ie":23,"lam":{"binderInfo":"default","body":22,"name":7,"type":3}}
{"app":{"arg":4,"fn":11},"ie":24}
{"const":{"name":5,"us":[1]},"ie":25}
{"app":{"arg":9,"fn":25},"ie":26}
{"app":{"arg":7,"fn":26},"ie":27}
{"app":{"arg":11,"fn":27},"ie":28}
{"app":{"arg":4,"fn":28},"ie":29}
{"app":{"arg":29,"fn":24},"ie":30}
{"ie":31,"lam":{"binderInfo":"default","body":30,"name":4,"type":0}}
{"ie":32,"lam":{"binderInfo":"default","body":31,"name":10,"type":15}}
{"ie":33,"lam":{"binderInfo":"default","body":32,"name":9,"type":6}}
{"ie":34,"lam":{"binderInfo":"default","body":33,"name":7,"type":3}}
{"il":2,"succ":0}
{"ie":35,"sort":2}
{"inductive":{"ctors":[{"cidx":0,"induct":1,"isUnsafe":false,"levelParams":[],"name":2,"numFields":0,"numParams":0,"type":0},{"cidx":1,"induct":1,"isUnsafe":false,"levelParams":[],"name":3,"numFields":1,"numParams":0,"type":1}],"recs":[{"all":[1],"isUnsafe":false,"k":false,"levelParams":[6],"name":5,"numIndices":0,"numMinors":2,"numMotives":1,"numParams":0,"rules":[{"ctor":2,"nfields":0,"rhs":23},{"ctor":3,"nfields":1,"rhs":34}],"type":20}],"types":[{"all":[1],"ctors":[2,3],"isRec":true,"isReflexive":false,"isUnsafe":false,"levelParams":[],"name":1,"numIndices":0,"numNested":0,"numParams":0,"type":35}]}}
{"in":12,"str":{"pre":0,"str":"OfNat"}}
{"in":13,"str":{"pre":12,"str":"mk"}}
{"in":14,"str":{"pre":0,"str":"α"}}
{"il":3,"succ":1}
{"ie":36,"sort":3}
{"in":15,"str":{"pre":0,"str":"x"}}
{"in":16,"str":{"pre":15,"str":"_@"}}
{"in":17,"str":{"pre":16,"str":"Extra"}}
{"in":18,"num":{"i":1822880135,"pre":17}}
{"in":19,"str":{"pre":18,"str":"_hygCtx"}}
{"in":20,"str":{"pre":19,"str":"_hyg"}}
{"in":21,"num":{"i":3,"pre":20}}
{"in":22,"str":{"pre":0,"str":"ofNat"}}
{"const":{"name":12,"us":[1]},"ie":37}
{"app":{"arg":7,"fn":37},"ie":38}
{"app":{"arg":11,"fn":38},"ie":39}
{"forallE":{"binderInfo":"default","body":39,"name":22,"type":11},"ie":40}
{"forallE":{"binderInfo":"implicit","body":40,"name":21,"type":0},"ie":41}
{"forallE":{"binderInfo":"implicit","body":41,"name":14,"type":36},"ie":42}
{"in":23,"str":{"pre":12,"str":"rec"}}
{"in":24,"str":{"pre":0,"str":"u_1"}}
{"il":4,"param":24}
{"app":{"arg":11,"fn":37},"ie":43}
{"app":{"arg":4,"fn":43},"ie":44}
{"ie":45,"sort":4}
{"forallE":{"binderInfo":"default","body":45,"name":8,"type":44},"ie":46}
{"in":25,"str":{"pre":0,"str":"mk"}}
{"const":{"name":13,"us":[1]},"ie":47}
{"app":{"arg":9,"fn":47},"ie":48}
{"app":{"arg":7,"fn":48},"ie":49}
{"app":{"arg":4,"fn":49},"ie":50}
{"app":{"arg":50,"fn":11},"ie":51}
{"forallE":{"binderInfo":"default","body":51,"name":22,"type":7},"ie":52}
{"app":{"arg":9,"fn":37},"ie":53}
{"app":{"arg":7,"fn":53},"ie":54}
{"forallE":{"binderInfo":"default","body":8,"name":8,"type":54},"ie":55}
{"forallE":{"binderInfo":"default","body":55,"name":25,"type":52},"ie":56}
{"forallE":{"binderInfo":"implicit","body":56,"name":7,"type":46},"ie":57}
{"forallE":{"binderInfo":"implicit","body":57,"name":21,"type":0},"ie":58}
{"forallE":{"binderInfo":"implicit","body":58,"name":14,"type":36},"ie":59}
{"ie":60,"lam":{"binderInfo":"default","body":24,"name":22,"type":9}}
{"ie":61,"lam":{"binderInfo":"default","body":60,"name":25,"type":52}}
{"ie":62,"lam":{"binderInfo":"default","body":61,"name":7,"type":46}}
{"ie":63,"lam":{"binderInfo":"default","body":62,"name":21,"type":0}}
{"ie":64,"lam":{"binderInfo":"default","body":63,"name":14,"type":36}}
{"forallE":{"binderInfo":"default","body":36,"name":21,"type":0},"ie":65}
{"forallE":{"binderInfo":"default","body":65,"name":14,"type":36},"ie":66}
{"inductive":{"ctors":[{"cidx":0,"induct":12,"isUnsafe":false,"levelParams":[6],"name":13,"numFields":1,"numParams":2,"type":42}],"recs":[{"all":[12],"isUnsafe":false,"k":false,"levelParams":[24,6],"name":23,"numIndices":0,"numMinors":1,"numMotives":1,"numParams":2,"rules":[{"ctor":13,"nfields":1,"rhs":64}],"type":59}],"types":[{"all":[12],"ctors":[13],"isRec":false,"isReflexive":false,"isUnsafe":false,"levelParams":[6],"name":12,"numIndices":0,"numNested":0,"numParams":2,"type":66}]}}
{"in":26,"str":{"pre":12,"str":"ofNat"}}
{"in":27,"str":{"pre":0,"str":"self"}}
{"forallE":{"binderInfo":"instImplicit","body":7,"name":27,"type":44},"ie":67}
{"forallE":{"binderInfo":"default","body":67,"name":21,"type":0},"ie":68}
{"forallE":{"binderInfo":"implicit","body":68,"name":14,"type":36},"ie":69}
{"ie":70,"proj":{"idx":0,"struct":4,"typeName":12}}
{"ie":71,"lam":{"binderInfo":"instImplicit","body":70,"name":27,"type":44}}
{"ie":72,"lam":{"binderInfo":"default","body":71,"name":21,"type":0}}
{"ie":73,"lam":{"binderInfo":"default","body":72,"name":14,"type":36}}
{"def":{"all":[26],"hints":"abbrev","levelParams":[6],"name":26,"safety":"safe","type":69,"value":73}}
{"in":28,"str":{"pre":12,"str":"casesOn"}}
{"bvar":4,"ie":74}
{"app":{"arg":74,"fn":47},"ie":75}
{"app":{"arg":9,"fn":75},"ie":76}
{"app":{"arg":4,"fn":76},"ie":77}
{"app":{"arg":77,"fn":7},"ie":78}
{"forallE":{"binderInfo":"default","body":78,"name":22,"type":9},"ie":79}
{"app":{"arg":11,"fn":7},"ie":80}
{"forallE":{"binderInfo":"default","body":80,"name":25,"type":79},"ie":81}
{"forallE":{"binderInfo":"default","body":81,"name":8,"type":39},"ie":82}
{"forallE":{"binderInfo":"implicit","body":82,"name":7,"type":46},"ie":83}
{"forallE":{"binderInfo":"implicit","body":83,"name":21,"type":0},"ie":84}
{"forallE":{"binderInfo":"implicit","body":84,"name":14,"type":36},"ie":85}
{"const":{"name":23,"us":[4,1]},"ie":86}
{"app":{"arg":74,"fn":86},"ie":87}
{"app":{"arg":9,"fn":87},"ie":88}
{"app":{"arg":7,"fn":88},"ie":89}
{"ie":90,"lam":{"binderInfo":"default","body":24,"name":22,"type":74}}
{"app":{"arg":90,"fn":89},"ie":91}
{"app":{"arg":11,"fn":91},"ie":92}
{"ie":93,"lam":{"binderInfo":"default","body":92,"name":25,"type":79}}
{"ie":94,"lam":{"binderInfo":"default","body":93,"name":8,"type":39}}
{"ie":95,"lam":{"binderInfo":"implicit","body":94,"name":7,"type":46}}
{"ie":96,"lam":{"binderInfo":"implicit","body":95,"name":21,"type":0}}
{"ie":97,"lam":{"binderInfo":"implicit","body":96,"name":14,"type":36}}
{"def":{"all":[28],"hints":"abbrev","levelParams":[24,6],"name":28,"safety":"safe","type":85,"value":97}}
{"in":29,"str":{"pre":0,"str":"List"}}
{"in":30,"str":{"pre":29,"str":"nil"}}
{"const":{"name":29,"us":[1]},"ie":98}
{"app":{"arg":4,"fn":98},"ie":99}
{"forallE":{"binderInfo":"implicit","body":99,"name":14,"type":36},"ie":100}
{"in":31,"str":{"pre":29,"str":"cons"}}
{"in":32,"str":{"pre":0,"str":"head"}}
{"in":33,"str":{"pre":0,"str":"tail"}}
{"app":{"arg":11,"fn":98},"ie":101}
{"app":{"arg":7,"fn":98},"ie":102}
{"forallE":{"binderInfo":"default","body":102,"name":33,"type":101},"ie":103}
{"forallE":{"binderInfo":"default","body":103,"name":32,"type":4},"ie":104}
{"forallE":{"binderInfo":"implicit","body":104,"name":14,"type":36},"ie":105}
{"in":34,"str":{"pre":29,"str":"rec"}}
{"forallE":{"binderInfo":"default","body":45,"name":8,"type":99},"ie":106}
{"in":35,"str":{"pre":0,"str":"nil"}}
{"const":{"name":30,"us":[1]},"ie":107}
{"app":{"arg":11,"fn":107},"ie":108}
{"app":{"arg":108,"fn":4},"ie":109}
{"in":36,"str":{"pre":0,"str":"cons"}}
{"app":{"arg":9,"fn":98},"ie":110}
{"in":37,"str":{"pre":0,"str":"tail_ih"}}
{"const":{"name":31,"us":[1]},"ie":111}
{"bvar":5,"ie":112}
{"app":{"arg":112,"fn":111},"ie":113}
{"app":{"arg":7,"fn":113},"ie":114}
{"app":{"arg":11,"fn":114},"ie":115}
{"app":{"arg":115,"fn":74},"ie":116}
{"forallE":{"binderInfo":"default","body":116,"name":37,"type":16},"ie":117}
{"forallE":{"binderInfo":"default","body":117,"name":33,"type":110},"ie":118}
{"forallE":{"binderInfo":"default","body":118,"name":32,"type":7},"ie":119}
{"forallE":{"binderInfo":"default","body":16,"name":8,"type":110},"ie":120}
{"forallE":{"binderInfo":"default","body":120,"name":36,"type":119},"ie":121}
{"forallE":{"binderInfo":"default","body":121,"name":35,"type":109},"ie":122}
{"forallE":{"binderInfo":"implicit","body":122,"name":7,"type":106},"ie":123}
{"forallE":{"binderInfo":"implicit","body":123,"name":14,"type":36},"ie":124}
{"ie":125,"lam":{"binderInfo":"default","body":11,"name":36,"type":119}}
{"ie":126,"lam":{"binderInfo":"default","body":125,"name":35,"type":109}}
{"ie":127,"lam":{"binderInfo":"default","body":126,"name":7,"type":106}}
{"ie":128,"lam":{"binderInfo":"default","body":127,"name":14,"type":36}}
{"app":{"arg":74,"fn":98},"ie":129}
{"app":{"arg":4,"fn":80},"ie":130}
{"const":{"name":34,"us":[4,1]},"ie":131}
{"app":{"arg":112,"fn":131},"ie":132}
{"app":{"arg":74,"fn":132},"ie":133}
{"app":{"arg":9,"fn":133},"ie":134}
{"app":{"arg":7,"fn":134},"ie":135}
{"app":{"arg":4,"fn":135},"ie":136}
{"app":{"arg":136,"fn":130},"ie":137}
{"ie":138,"lam":{"binderInfo":"default","body":137,"name":33,"type":129}}
{"ie":139,"lam":{"binderInfo":"default","body":138,"name":32,"type":9}}
{"ie":140,"lam":{"binderInfo":"default","body":139,"name":36,"type":119}}
{"ie":141,"lam":{"binderInfo":"default","body":140,"name":35,"type":109}}
{"ie":142,"lam":{"binderInfo":"default","body":141,"name":7,"type":106}}
{"ie":143,"lam":{"binderInfo":"default","body":142,"name":14,"type":36}}
{"forallE":{"binderInfo":"default","body":36,"name":14,"type":36},"ie":144}
{"inductive":{"ctors":[{"cidx":0,"induct":29,"isUnsafe":false,"levelParams":[6],"name":30,"numFields":0,"numParams":1,"type":100},{"cidx":1,"induct":29,"isUnsafe":false,"levelParams":[6],"name":31,"numFields":2,"numParams":1,"type":105}],"recs":[{"all":[29],"isUnsafe":false,"k":false,"levelParams":[24,6],"name":34,"numIndices":0,"numMinors":2,"numMotives":1,"numParams":1,"rules":[{"ctor":30,"nfields":0,"rhs":128},{"ctor":31,"nfields":2,"rhs":143}],"type":124}],"types":[{"all":[29],"ctors":[30,31],"isRec":true,"isReflexive":false,"isUnsafe":false,"levelParams":[6],"name":29,"numIndices":0,"numNested":0,"numParams":1,"type":144}]}}
{"in":38,"str":{"pre":0,"str":"Tree"}}
{"in":39,"str":{"pre":38,"str":"node"}}
{"in":40,"str":{"pre":0,"str":"children"}}
{"const":{"name":29,"us":[0]},"ie":145}
{"const":{"name":38,"us":[]},"ie":146}
{"app":{"arg":146,"fn":145},"ie":147}
{"forallE":{"binderInfo":"default","body":146,"name":40,"type":147},"ie":148}
{"in":41,"str":{"pre":38,"str":"rec"}}
{"in":42,"str":{"pre":0,"str":"motive_1"}}
{"forallE":{"binderInfo":"default","body":2,"name":8,"type":146},"ie":149}
{"in":43,"str":{"pre":0,"str":"motive_2"}}
{"forallE":{"binderInfo":"default","body":2,"name":8,"type":147},"ie":150}
{"in":44,"str":{"pre":0,"str":"node"}}
{"in":45,"str":{"pre":0,"str":"children_ih"}}
{"const":{"name":39,"us":[]},"ie":151}
{"app":{"arg":11,"fn":151},"ie":152}
{"app":{"arg":152,"fn":9},"ie":153}
{"forallE":{"binderInfo":"default","body":153,"name":45,"type":24},"ie":154}
{"forallE":{"binderInfo":"default","body":154,"name":40,"type":147},"ie":155}
{"const":{"name":30,"us":[0]},"ie":156}
{"app":{"arg":146,"fn":156},"ie":157}
{"app":{"arg":157,"fn":11},"ie":158}
{"in":46,"str":{"pre":0,"str":"head_ih"}}
{"app":{"arg":11,"fn":112},"ie":159}
{"bvar":6,"ie":160}
{"const":{"name":31,"us":[0]},"ie":161}
{"app":{"arg":146,"fn":161},"ie":162}
{"app":{"arg":9,"fn":162},"ie":163}
{"app":{"arg":7,"fn":163},"ie":164}
{"app":{"arg":164,"fn":160},"ie":165}
{"forallE":{"binderInfo":"default","body":165,"name":37,"type":159},"ie":166}
{"forallE":{"binderInfo":"default","body":166,"name":46,"type":159},"ie":167}
{"forallE":{"binderInfo":"default","body":167,"name":33,"type":147},"ie":168}
{"forallE":{"binderInfo":"default","body":168,"name":32,"type":146},"ie":169}
{"app":{"arg":4,"fn":112},"ie":170}
{"forallE":{"binderInfo":"default","body":170,"name":8,"type":146},"ie":171}
{"forallE":{"binderInfo":"default","body":171,"name":36,"type":169},"ie":172}
{"forallE":{"binderInfo":"default","body":172,"name":35,"type":158},"ie":173}
{"forallE":{"binderInfo":"default","body":173,"name":44,"type":155},"ie":174}
{"forallE":{"binderInfo":"implicit","body":174,"name":43,"type":150},"ie":175}
{"forallE":{"binderInfo":"implicit","body":175,"name":42,"type":149},"ie":176}
{"in":47,"str":{"pre":38,"str":"rec_1"}}
{"const":{"name":47,"us":[1]},"ie":177}
{"app":{"arg":112,"fn":177},"ie":178}
{"app":{"arg":74,"fn":178},"ie":179}
{"app":{"arg":9,"fn":179},"ie":180}
{"app":{"arg":7,"fn":180},"ie":181}
{"app":{"arg":11,"fn":181},"ie":182}
{"app":{"arg":4,"fn":182},"ie":183}
{"app":{"arg":183,"fn":16},"ie":184}
{"ie":185,"lam":{"binderInfo":"default","body":184,"name":40,"type":147}}
{"ie":186,"lam":{"binderInfo":"default","body":185,"name":36,"type":169}}
{"ie":187,"lam":{"binderInfo":"default","body":186,"name":35,"type":158}}
{"ie":188,"lam":{"binderInfo":"default","body":187,"name":44,"type":155}}
{"ie":189,"lam":{"binderInfo":"default","body":188,"name":43,"type":150}}
{"ie":190,"lam":{"binderInfo":"default","body":189,"name":42,"type":149}}
{"app":{"arg":4,"fn":74},"ie":191}
{"forallE":{"binderInfo":"default","body":191,"name":8,"type":147},"ie":192}
{"forallE":{"binderInfo":"default","body":192,"name":36,"type":169},"ie":193}
{"forallE":{"binderInfo":"default","body":193,"name":35,"type":158},"ie":194}
{"forallE":{"binderInfo":"default","body":194,"name":44,"type":155},"ie":195}
{"forallE":{"binderInfo":"implicit","body":195,"name":43,"type":150},"ie":196}
{"forallE":{"binderInfo":"implicit","body":196,"name":42,"type":149},"ie":197}
{"ie":198,"lam":{"binderInfo":"default","body":11,"name":36,"type":169}}
{"ie":199,"lam":{"binderInfo":"default","body":198,"name":35,"type":158}}
{"ie":200,"lam":{"binderInfo":"default","body":199,"name":44,"type":155}}
{"ie":201,"lam":{"binderInfo":"default","body":200,"name":43,"type":150}}
{"ie":202,"lam":{"binderInfo":"default","body":201,"name":42,"type":149}}
{"const":{"name":41,"us":[1]},"ie":203}
{"app":{"arg":160,"fn":203},"ie":204}
{"app":{"arg":112,"fn":204},"ie":205}
{"app":{"arg":74,"fn":205},"ie":206}
{"app":{"arg":9,"fn":206},"ie":207}
{"app":{"arg":7,"fn":207},"ie":208}
{"app":{"arg":11,"fn":208},"ie":209}
{"app":{"arg":209,"fn":130},"ie":210}
{"app":{"arg":160,"fn":177},"ie":211}
{"app":{"arg":112,"fn":211},"ie":212}
{"app":{"arg":74,"fn":212},"ie":213}
{"app":{"arg":9,"fn":213},"ie":214}
{"app":{"arg":7,"fn":214},"ie":215}
{"app":{"arg":4,"fn":215},"ie":216}
{"app":{"arg":216,"fn":210},"ie":217}
{"ie":218,"lam":{"binderInfo":"default","body":217,"name":33,"type":147}}
{"ie":219,"lam":{"binderInfo":"default","body":218,"name":32,"type":146}}
{"ie":220,"lam":{"binderInfo":"default","body":219,"name":36,"type":169}}
{"ie":221,"lam":{"binderInfo":"default","body":220,"name":35,"type":158}}
{"ie":222,"lam":{"binderInfo":"default","body":221,"name":44,"type":155}}
{"ie":223,"lam":{"binderInfo":"default","body":222,"name":43,"type":150}}
{"ie":224,"lam":{"binderInfo":"default","body":223,"name":42,"type":149}}
{"inductive":{"ctors":[{"cidx":0,"induct":38,"isUnsafe":false,"levelParams":[],"name":39,"numFields":1,"numParams":0,"type":148}],"recs":[{"all":[38],"isUnsafe":false,"k":false,"levelParams":[6],"name":41,"numIndices":0,"numMinors":3,"numMotives":2,"numParams":0,"rules":[{"ctor":39,"nfields":1,"rhs":190}],"type":176},{"all":[38],"isUnsafe":false,"k":false,"levelParams":[6],"name":47,"numIndices":0,"numMinors":3,"numMotives":2,"numParams":0,"rules":[{"ctor":30,"nfields":0,"rhs":202},{"ctor":31,"nfields":2,"rhs":224}],"type":197}],"types":[{"all":[38],"ctors":[39],"isRec":true,"isReflexive":false,"isUnsafe":false,"levelParams":[],"name":38,"numIndices":0,"numNested":1,"numParams":0,"type":35}]}}
{"in":48,"str":{"pre":0,"str":"PUnit"}}
{"in":49,"str":{"pre":48,"str":"unit"}}
{"const":{"name":48,"us":[1]},"ie":225}
{"in":50,"str":{"pre":48,"str":"rec"}}
{"forallE":{"binderInfo":"default","body":45,"name":8,"type":225},"ie":226}
{"in":51,"str":{"pre":0,"str":"unit"}}
{"const":{"name":49,"us":[1]},"ie":227}
{"app":{"arg":227,"fn":4},"ie":228}
{"forallE":{"binderInfo":"default","body":8,"name":8,"type":225},"ie":229}
{"forallE":{"binderInfo":"default","body":229,"name":51,"type":228},"ie":230}
{"forallE":{"binderInfo":"implicit","body":230,"name":7,"type":226},"ie":231}
{"ie":232,"lam":{"binderInfo":"default","body":4,"name":51,"type":228}}
{"ie":233,"lam":{"binderInfo":"default","body":232,"name":7,"type":226}}
{"inductive":{"ctors":[{"cidx":0,"induct":48,"isUnsafe":false,"levelParams":[6],"name":49,"numFields":0,"numParams":0,"type":225}],"recs":[{"all":[48],"isUnsafe":false,"k":false,"levelParams":[24,6],"name":50,"numIndices":0,"numMinors":1,"numMotives":1,"numParams":0,"rules":[{"ctor":49,"nfields":0,"rhs":233}],"type":231}],"types":[{"all":[48],"ctors":[49],"isRec":false,"isReflexive":false,"isUnsafe":false,"levelParams":[6],"name":48,"numIndices":0,"numNested":0,"numParams":0,"type":2}]}}
{"in":52,"str":{"pre":38,"str":"casesOn"}}
{"app":{"arg":4,"fn":151},"ie":234}
{"app":{"arg":234,"fn":7},"ie":235}
{"forallE":{"binderInfo":"default","body":235,"name":40,"type":147},"ie":236}
{"forallE":{"binderInfo":"default","body":80,"name":44,"type":236},"ie":237}
{"forallE":{"binderInfo":"default","body":237,"name":8,"type":146},"ie":238}
{"forallE":{"binderInfo":"implicit","body":238,"name":42,"type":149},"ie":239}
{"app":{"arg":7,"fn":203},"ie":240}
{"ie":241,"lam":{"binderInfo":"default","body":225,"name":8,"type":147}}
{"app":{"arg":241,"fn":240},"ie":242}
{"ie":243,"lam":{"binderInfo":"default","body":80,"name":45,"type":225}}
{"ie":244,"lam":{"binderInfo":"default","body":243,"name":40,"type":147}}
{"app":{"arg":244,"fn":242},"ie":245}
{"app":{"arg":227,"fn":245},"ie":246}
{"app":{"arg":11,"fn":74},"ie":247}
{"ie":248,"lam":{"binderInfo":"default","body":227,"name":37,"type":225}}
{"ie":249,"lam":{"binderInfo":"default","body":248,"name":46,"type":247}}
{"ie":250,"lam":{"binderInfo":"default","body":249,"name":33,"type":147}}
{"ie":251,"lam":{"binderInfo":"default","body":250,"name":32,"type":146}}
{"app":{"arg":251,"fn":246},"ie":252}
{"app":{"arg":11,"fn":252},"ie":253}
{"ie":254,"lam":{"binderInfo":"default","body":253,"name":44,"type":236}}
{"ie":255,"lam":{"binderInfo":"default","body":254,"name":8,"type":146}}
{"ie":256,"lam":{"binderInfo":"implicit","body":255,"name":42,"type":149}}
{"def":{"all":[52],"hints":"abbrev","levelParams":[6],"name":52,"safety":"safe","type":239,"value":256}}
{"in":53,"str":{"pre":0,"str":"String"}}
{"in":54,"str":{"pre":53,"str":"mk"}}
{"in":55,"str":{"pre":0,"str":"data"}}
{"const":{"name":53,"us":[]},"ie":257}
{"forallE":{"binderInfo":"default","body":257,"name":55,"type":0},"ie":258}
{"in":56,"str":{"pre":53,"str":"rec"}}
{"forallE":{"binderInfo":"default","body":2,"name":8,"type":257},"ie":259}
{"const":{"name":54,"us":[]},"ie":260}
{"app":{"arg":4,"fn":260},"ie":261}
{"app":{"arg":261,"fn":11},"ie":262}
{"forallE":{"binderInfo":"default","body":262,"name":55,"type":0},"ie":263}
{"forallE":{"binderInfo":"default","body":8,"name":8,"type":257},"ie":264}
{"forallE":{"binderInfo":"default","body":264,"name":25,"type":263},"ie":265}
{"forallE":{"binderInfo":"implicit","body":265,"name":7,"type":259},"ie":266}
{"ie":267,"lam":{"binderInfo":"default","body":24,"name":55,"type":0}}
{"ie":268,"lam":{"binderInfo":"default","body":267,"name":25,"type":263}}
{"ie":269,"lam":{"binderInfo":"default","body":268,"name":7,"type":259}}
{"inductive":{"ctors":[{"cidx":0,"induct":53,"isUnsafe":false,"levelParams":[],"name":54,"numFields":1,"numParams":0,"type":258}],"recs":[{"all":[53],"isUnsafe":false,"k":false,"levelParams":[6],"name":56,"numIndices":0,"numMinors":1,"numMotives":1,"numParams":0,"rules":[{"ctor":54,"nfields":1,"rhs":269}],"type":266}],"types":[{"all":[53],"ctors":[54],"isRec":false,"isReflexive":false,"isUnsafe":false,"levelParams":[],"name":53,"numIndices":0,"numNested":0,"numParams":0,"type":35}]}}
{"in":57,"str":{"pre":53,"str":"recOn"}}
{"app":{"arg":261,"fn":7},"ie":270}
{"forallE":{"binderInfo":"default","body":270,"name":55,"type":0},"ie":271}
{"forallE":{"binderInfo":"default","body":80,"name":25,"type":271},"ie":272}
{"forallE":{"binderInfo":"default","body":272,"name":8,"type":257},"ie":273}
{"forallE":{"binderInfo":"implicit","body":273,"name":7,"type":259},"ie":274}
{"const":{"name":56,"us":[1]},"ie":275}
{"app":{"arg":7,"fn":275},"ie":276}
{"app":{"arg":4,"fn":276},"ie":277}
{"app":{"arg":11,"fn":277},"ie":278}
{"ie":279,"lam":{"binderInfo":"default","body":278,"name":25,"type":271}}
{"ie":280,"lam":{"binderInfo":"default","body":279,"name":8,"type":257}}
{"ie":281,"lam":{"binderInfo":"implicit","body":280,"name":7,"type":259}}
{"def":{"all":[57],"hints":"abbrev","levelParams":[6],"name":57,"safety":"safe","type":274,"value":281}}
{"in":58,"str":{"pre":53,"str":"data"}}
{"forallE":{"binderInfo":"default","body":0,"name":27,"type":257},"ie":282}
{"ie":283,"proj":{"idx":0,"struct":4,"typeName":53}}
{"ie":284,"lam":{"binderInfo":"default","body":283,"name":27,"type":257}}
{"def":{"all":[58],"hints":"abbrev","levelParams":[],"name":58,"safety":"safe","type":282,"value":284}}
{"in":59,"str":{"pre":0,"str":"greeting"}}
{"ie":285,"strVal":"héllo\n\"world\""}
{"def":{"all":[59],"hints":{"regular":1},"levelParams":[],"name":59,"safety":"safe","type":257,"value":285}}
{"in":60,"str":{"pre":48,"str":"recOn"}}
{"app":{"arg":227,"fn":11},"ie":286}
{"forallE":{"binderInfo":"default","body":80,"name":51,"type":286},"ie":287}
{"forallE":{"binderInfo":"default","body":287,"name":8,"type":225},"ie":288}
{"forallE":{"binderInfo":"implicit","body":288,"name":7,"type":226},"ie":289}
{"const":{"name":50,"us":[4,1]},"ie":290}
{"app":{"arg":7,"fn":290},"ie":291}
{"app":{"arg":4,"fn":291},"ie":292}
{"app":{"arg":11,"fn":292},"ie":293}
{"ie":294,"lam":{"binderInfo":"default","body":293,"name":51,"type":286}}
{"ie":295,"lam":{"binderInfo":"default","body":294,"name":8,"type":225}}
{"ie":296,"lam":{"binderInfo":"implicit","body":295,"name":7,"type":226}}
{"def":{"all":[60],"hints":"abbrev","levelParams":[24,6],"name":60,"safety":"safe","type":289,"value":296}}
{"in":61,"str":{"pre":0,"str":"Eq"}}
{"in":62,"str":{"pre":61,"str":"refl"}}
{"in":63,"str":{"pre":0,"str":"a"}}
{"const":{"name":61,"us":[1]},"ie":297}
{"app":{"arg":11,"fn":297},"ie":298}
{"app":{"arg":4,"fn":298},"ie":299}
{"app":{"arg":4,"fn":299},"ie":300}
{"forallE":{"binderInfo":"default","body":300,"name":63,"type":4},"ie":301}
{"forallE":{"binderInfo":"implicit","body":301,"name":14,"type":2},"ie":302}
{"in":64,"str":{"pre":61,"str":"rec"}}
{"in":65,"str":{"pre":63,"str":"_@"}}
{"in":66,"str":{"pre":65,"str":"_internal"}}
{"in":67,"str":{"pre":66,"str":"_hyg"}}
{"in":68,"num":{"i":0,"pre":67}}
{"app":{"arg":7,"fn":297},"ie":303}
{"app":{"arg":11,"fn":303},"ie":304}
{"app":{"arg":4,"fn":304},"ie":305}
{"forallE":{"binderInfo":"default","body":45,"name":8,"type":305},"ie":306}
{"forallE":{"binderInfo":"default","body":306,"name":68,"type":11},"ie":307}
{"in":69,"str":{"pre":0,"str":"refl"}}
{"app":{"arg":11,"fn":4},"ie":308}
{"const":{"name":62,"us":[1]},"ie":309}
{"app":{"arg":7,"fn":309},"ie":310}
{"app":{"arg":11,"fn":310},"ie":311}
{"app":{"arg":311,"fn":308},"ie":312}
{"app":{"arg":74,"fn":297},"ie":313}
{"app":{"arg":9,"fn":313},"ie":314}
{"app":{"arg":4,"fn":314},"ie":315}
{"app":{"arg":11,"fn":9},"ie":316}
{"app":{"arg":4,"fn":316},"ie":317}
{"forallE":{"binderInfo":"default","body":317,"name":8,"type":315},"ie":318}
{"forallE":{"binderInfo":"implicit","body":318,"name":68,"type":9},"ie":319}
{"forallE":{"binderInfo":"default","body":319,"name":69,"type":312},"ie":320}
{"forallE":{"binderInfo":"implicit","body":320,"name":7,"type":307},"ie":321}
{"forallE":{"binderInfo":"implicit","body":321,"name":68,"type":4},"ie":322}
{"forallE":{"binderInfo":"implicit","body":322,"name":14,"type":2},"ie":323}
{"ie":324,"lam":{"binderInfo":"default","body":4,"name":69,"type":312}}
{"ie":325,"lam":{"binderInfo":"default","body":324,"name":7,"type":307}}
{"ie":326,"lam":{"binderInfo":"default","body":325,"name":68,"type":4}}
{"ie":327,"lam":{"binderInfo":"implicit","body":326,"name":14,"type":2}}
{"ie":328,"sort":0}
{"forallE":{"binderInfo":"default","body":328,"name":68,"type":11},"ie":329}
{"forallE":{"binderInfo":"default","body":329,"name":68,"type":4},"ie":330}
{"forallE":{"binderInfo":"implicit","body":330,"name":14,"type":2},"ie":331}
{"inductive":{"ctors":[{"cidx":0,"induct":61,"isUnsafe":false,"levelParams":[6],"name":62,"numFields":0,"numParams":2,"type":302}],"recs":[{"all":[61],"isUnsafe":false,"k":true,"levelParams":[24,6],"name":64,"numIndices":1,"numMinors":1,"numMotives":1,"numParams":2,"rules":[{"ctor":62,"nfields":0,"rhs":327}],"type":323}],"types":[{"all":[61],"ctors":[62],"isRec":false,"isReflexive":false,"isUnsafe":false,"levelParams":[6],"name":61,"numIndices":1,"numNested":0,"numParams":2,"type":331}]}}
{"in":70,"str":{"pre":29,"str":"casesOn"}}
{"app":{"arg":7,"fn":107},"ie":332}
{"app":{"arg":332,"fn":11},"ie":333}
{"app":{"arg":11,"fn":113},"ie":334}
{"app":{"arg":4,"fn":334},"ie":335}
{"app":{"arg":335,"fn":74},"ie":336}
{"forallE":{"binderInfo":"default","body":336,"name":33,"type":129},"ie":337}
{"forallE":{"binderInfo":"default","body":337,"name":32,"type":9},"ie":338}
{"app":{"arg":7,"fn":9},"ie":339}
{"forallE":{"binderInfo":"default","body":339,"name":36,"type":338},"ie":340}
{"forallE":{"binderInfo":"default","body":340,"name":35,"type":333},"ie":341}
{"forallE":{"binderInfo":"default","body":341,"name":8,"type":101},"ie":342}
{"forallE":{"binderInfo":"implicit","body":342,"name":7,"type":106},"ie":343}
{"forallE":{"binderInfo":"implicit","body":343,"name":14,"type":36},"ie":344}
{"app":{"arg":74,"fn":131},"ie":345}
{"app":{"arg":9,"fn":345},"ie":346}
{"app":{"arg":11,"fn":346},"ie":347}
{"app":{"arg":112,"fn":98},"ie":348}
{"app":{"arg":11,"fn":339},"ie":349}
{"ie":350,"lam":{"binderInfo":"default","body":349,"name":37,"type":170}}
{"ie":351,"lam":{"binderInfo":"default","body":350,"name":33,"type":348}}
{"ie":352,"lam":{"binderInfo":"default","body":351,"name":32,"type":74}}
{"app":{"arg":352,"fn":347},"ie":353}
{"app":{"arg":7,"fn":353},"ie":354}
{"ie":355,"lam":{"binderInfo":"default","body":354,"name":36,"type":338}}
{"ie":356,"lam":{"binderInfo":"default","body":355,"name":35,"type":333}}
{"ie":357,"lam":{"binderInfo":"default","body":356,"name":8,"type":101}}
{"ie":358,"lam":{"binderInfo":"implicit","body":357,"name":7,"type":106}}
{"ie":359,"lam":{"binderInfo":"implicit","body":358,"name":14,"type":36}}
{"def":{"all":[70],"hints":"abbrev","levelParams":[24,6],"name":70,"safety":"safe","type":344,"value":359}}
{"in":71,"str":{"pre":1,"str":"add"}}
{"in":72,"str":{"pre":0,"str":"m"}}
{"forallE":{"binderInfo":"default","body":1,"name":72,"type":0},"ie":360}
{"const":{"name":5,"us":[2]},"ie":361}
{"in":73,"num":{"i":2314059840,"pre":17}}
{"in":74,"str":{"pre":73,"str":"_hygCtx"}}
{"in":75,"str":{"pre":74,"str":"_hyg"}}
{"in":76,"num":{"i":8,"pre":75}}
{"ie":362,"lam":{"binderInfo":"default","body":0,"name":76,"type":0}}
{"app":{"arg":362,"fn":361},"ie":363}
{"app":{"arg":11,"fn":363},"ie":364}
{"in":77,"num":{"i":16,"pre":75}}
{"in":78,"str":{"pre":0,"str":"ih"}}
{"app":{"arg":4,"fn":10},"ie":365}
{"ie":366,"lam":{"binderInfo":"default","body":365,"name":78,"type":0}}
{"ie":367,"lam":{"binderInfo":"default","body":366,"name":77,"type":0}}
{"app":{"arg":367,"fn":364},"ie":368}
{"app":{"arg":4,"fn":368},"ie":369}
{"ie":370,"lam":{"binderInfo":"default","body":369,"name":4,"type":0}}
{"ie":371,"lam":{"binderInfo":"default","body":370,"name":72,"type":0}}
{"def":{"all":[71],"hints":{"regular":1},"levelParams":[],"name":71,"safety":"safe","type":360,"value":371}}
{"in":79,"str":{"pre":0,"str":"twice"}}
{"const":{"name":71,"us":[]},"ie":372}
{"app":{"arg":4,"fn":372},"ie":373}
{"app":{"arg":4,"fn":373},"ie":374}
{"ie":375,"letE":{"body":374,"name":72,"nondep":false,"type":0,"value":374}}
{"ie":376,"lam":{"binderInfo":"default","body":375,"name":4,"type":0}}
{"def":{"all":[79],"hints":{"regular":2},"levelParams":[],"name":79,"safety":"safe","type":1,"value":376}}
{"in":80,"str":{"pre":61,"str":"recOn"}}
{"app":{"arg":9,"fn":297},"ie":377}
{"app":{"arg":7,"fn":377},"ie":378}
{"app":{"arg":4,"fn":378},"ie":379}
{"app":{"arg":9,"fn":7},"ie":380}
{"app":{"arg":74,"fn":309},"ie":381}
{"app":{"arg":9,"fn":381},"ie":382}
{"app":{"arg":382,"fn":380},"ie":383}
{"forallE":{"binderInfo":"default","body":349,"name":69,"type":383},"ie":384}
{"forallE":{"binderInfo":"default","body":384,"name":8,"type":379},"ie":385}
{"forallE":{"binderInfo":"implicit","body":385,"name":68,"type":7},"ie":386}
{"forallE":{"binderInfo":"implicit","body":386,"name":7,"type":307},"ie":387}
{"forallE":{"binderInfo":"implicit","body":387,"name":68,"type":4},"ie":388}
{"forallE":{"binderInfo":"implicit","body":388,"name":14,"type":2},"ie":389}
{"const":{"name":64,"us":[4,1]},"ie":390}
{"app":{"arg":112,"fn":390},"ie":391}
{"app":{"arg":74,"fn":391},"ie":392}
{"app":{"arg":9,"fn":392},"ie":393}
{"app":{"arg":4,"fn":393},"ie":394}
{"app":{"arg":7,"fn":394},"ie":395}
{"app":{"arg":11,"fn":395},"ie":396}
{"ie":397,"lam":{"binderInfo":"default","body":396,"name":69,"type":383}}
{"ie":398,"lam":{"binderInfo":"default","body":397,"name":8,"type":379}}
{"ie":399,"lam":{"binderInfo":"implicit","body":398,"name":68,"type":7}}
{"ie":400,"lam":{"binderInfo":"implicit","body":399,"name":7,"type":307}}
{"ie":401,"lam":{"binderInfo":"implicit","body":400,"name":68,"type":4}}
{"ie":402,"lam":{"binderInfo":"implicit","body":401,"name":14,"type":2}}
{"def":{"all":[80],"hints":"abbrev","levelParams":[24,6],"name":80,"safety":"safe","type":389,"value":402}}
{"in":81,"str":{"pre":0,"str":"instOfNatNat"}}
{"const":{"name":12,"us":[0]},"ie":403}
{"app":{"arg":0,"fn":403},"ie":404}
{"app":{"arg":4,"fn":404},"ie":405}
{"forallE":{"binderInfo":"default","body":405,"name":4,"type":0},"ie":406}
{"const":{"name":13,"us":[0]},"ie":407}
{"app":{"arg":0,"fn":407},"ie":408}
{"app":{"arg":4,"fn":408},"ie":409}
{"app":{"arg":4,"fn":409},"ie":410}
{"ie":411,"lam":{"binderInfo":"default","body":410,"name":4,"type":0}}
{"def":{"all":[81],"hints":{"regular":1},"levelParams":[],"name":81,"safety":"safe","type":406,"value":411}}
{"in":82,"str":{"pre":0,"str":"small"}}
{"const":{"name":26,"us":[0]},"ie":412}
{"app":{"arg":0,"fn":412},"ie":413}
{"ie":414,"natVal":"42"}
{"app":{"arg":414,"fn":413},"ie":415}
{"const":{"name":81,"us":[]},"ie":416}
{"app":{"arg":414,"fn":416},"ie":417}
{"app":{"arg":417,"fn":415},"ie":418}
{"def":{"all":[82],"hints":{"regular":2},"levelParams":[],"name":82,"safety":"safe","type":0,"value":418}}
{"in":83,"str":{"pre":48,"str":"casesOn"}}
{"def":{"all":[83],"hints":"abbrev","levelParams":[24,6],"name":83,"safety":"safe","type":289,"value":296}}
{"in":84,"str":{"pre":1,"str":"recOn"}}
{"app":{"arg":5,"fn":11},"ie":419}
{"app":{"arg":12,"fn":74},"ie":420}
{"forallE":{"binderInfo":"default","body":420,"name":11,"type":16},"ie":421}
{"forallE":{"binderInfo":"default","body":421,"name":4,"type":0},"ie":422}
{"forallE":{"binderInfo":"default","body":339,"name":10,"type":422},"ie":423}
{"forallE":{"binderInfo":"default","body":423,"name":9,"type":419},"ie":424}
{"forallE":{"binderInfo":"default","body":424,"name":8,"type":0},"ie":425}
{"forallE":{"binderInfo":"implicit","body":425,"name":7,"type":3},"ie":426}
{"app":{"arg":11,"fn":26},"ie":427}
{"app":{"arg":4,"fn":427},"ie":428}
{"app":{"arg":7,"fn":428},"ie":429}
{"ie":430,"lam":{"binderInfo":"default","body":429,"name":10,"type":422}}
{"ie":431,"lam":{"binderInfo":"default","body":430,"name":9,"type":419}}
{"ie":432,"lam":{"binderInfo":"default","body":431,"name":8,"type":0}}
{"ie":433,"lam":{"binderInfo":"implicit","body":432,"name":7,"type":3}}
{"def":{"all":[84],"hints":"abbrev","levelParams":[6],"name":84,"safety":"safe","type":426,"value":433}}
{"in":85,"str":{"pre":12,"str":"recOn"}}
{"app":{"arg":4,"fn":89},"ie":434}
{"app":{"arg":11,"fn":434},"ie":435}
{"ie":436,"lam":{"binderInfo":"default","body":435,"name":25,"type":79}}
{"ie":437,"lam":{"binderInfo":"default","body":436,"name":8,"type":39}}
{"ie":438,"lam":{"binderInfo":"implicit","body":437,"name":7,"type":46}}
{"ie":439,"lam":{"binderInfo":"implicit","body":438,"name":21,"type":0}}
{"ie":440,"lam":{"binderInfo":"implicit","body":439,"name":14,"type":36}}
{"def":{"all":[85],"hints":"abbrev","levelParams":[24,6],"name":85,"safety":"safe","type":85,"value":440}}
{"in":86,"str":{"pre":38,"str":"recOn"}}
{"app":{"arg":152,"fn":74},"ie":441}
{"forallE":{"binderInfo":"default","body":441,"name":45,"type":8},"ie":442}
{"forallE":{"binderInfo":"default","body":442,"name":40,"type":147},"ie":443}
{"app":{"arg":157,"fn":7},"ie":444}
{"app":{"arg":11,"fn":160},"ie":445}
{"bvar":7,"ie":446}
{"app":{"arg":164,"fn":446},"ie":447}
{"forallE":{"binderInfo":"default","body":447,"name":37,"type":445},"ie":448}
{"forallE":{"binderInfo":"default","body":448,"name":46,"type":445},"ie":449}
{"forallE":{"binderInfo":"default","body":449,"name":33,"type":147},"ie":450}
{"forallE":{"binderInfo":"default","body":450,"name":32,"type":146},"ie":451}
{"app":{"arg":9,"fn":112},"ie":452}
{"forallE":{"binderInfo":"default","body":452,"name":36,"type":451},"ie":453}
{"forallE":{"binderInfo":"default","body":453,"name":35,"type":444},"ie":454}
{"forallE":{"binderInfo":"default","body":454,"name":44,"type":443},"ie":455}
{"forallE":{"binderInfo":"default","body":455,"name":8,"type":146},"ie":456}
{"forallE":{"binderInfo":"implicit","body":456,"name":43,"type":150},"ie":457}
{"forallE":{"binderInfo":"implicit","body":457,"name":42,"type":149},"ie":458}
{"app":{"arg":112,"fn":203},"ie":459}
{"app":{"arg":74,"fn":459},"ie":460}
{"app":{"arg":7,"fn":460},"ie":461}
{"app":{"arg":11,"fn":461},"ie":462}
{"app":{"arg":4,"fn":462},"ie":463}
{"app":{"arg":9,"fn":463},"ie":464}
{"ie":465,"lam":{"binderInfo":"default","body":464,"name":36,"type":451}}
{"ie":466,"lam":{"binderInfo":"default","body":465,"name":35,"type":444}}
{"ie":467,"lam":{"binderInfo":"default","body":466,"name":44,"type":443}}
{"ie":468,"lam":{"binderInfo":"default","body":467,"name":8,"type":146}}
{"ie":469,"lam":{"binderInfo":"implicit","body":468,"name":43,"type":150}}
{"ie":470,"lam":{"binderInfo":"implicit","body":469,"name":42,"type":149}}
{"def":{"all":[86],"hints":"abbrev","levelParams":[6],"name":86,"safety":"safe","type":458,"value":470}}
{"in":87,"str":{"pre":53,"str":"casesOn"}}
{"app":{"arg":267,"fn":276},"ie":471}
{"app":{"arg":11,"fn":471},"ie":472}
{"ie":473,"lam":{"binderInfo":"default","body":472,"name":25,"type":271}}
{"ie":474,"lam":{"binderInfo":"default","body":473,"name":8,"type":257}}
{"ie":475,"lam":{"binderInfo":"implicit","body":474,"name":7,"type":259}}
{"def":{"all":[87],"hints":"abbrev","levelParams":[6],"name":87,"safety":"safe","type":274,"value":475}}
{"in":88,"str":{"pre":0,"str":"big"}}
{"ie":476,"natVal":"123456789012345678901234567890"}
{"app":{"arg":476,"fn":413},"ie":477}
{"app":{"arg":476,"fn":416},"ie":478}
{"app":{"arg":478,"fn":477},"ie":479}
{"def":{"all":[88],"hints":{"regular":2},"levelParams":[],"name":88,"safety":"safe","type":0,"value":479}}
{"in":89,"str":{"pre":29,"str":"recOn"}}
{"app":{"arg":160,"fn":111},"ie":480}
{"app":{"arg":7,"fn":480},"ie":481}
{"app":{"arg":11,"fn":481},"ie":482}
{"app":{"arg":482,"fn":112},"ie":483}
{"forallE":{"binderInfo":"default","body":483,"name":37,"type":191},"ie":484}
{"forallE":{"binderInfo":"default","body":484,"name":33,"type":129},"ie":485}
{"forallE":{"binderInfo":"default","body":485,"name":32,"type":9},"ie":486}
{"forallE":{"binderInfo":"default","body":339,"name":36,"type":486},"ie":487}
{"forallE":{"binderInfo":"default","body":487,"name":35,"type":333},"ie":488}
{"forallE":{"binderInfo":"default","body":488,"name":8,"type":101},"ie":489}
{"forallE":{"binderInfo":"implicit","body":489,"name":7,"type":106},"ie":490}
{"forallE":{"binderInfo":"implicit","body":490,"name":14,"type":36},"ie":491}
{"app":{"arg":4,"fn":347},"ie":492}
{"app":{"arg":7,"fn":492},"ie":493}
{"ie":494,"lam":{"binderInfo":"default","body":493,"name":36,"type":486}}
{"ie":495,"lam":{"binderInfo":"default","body":494,"name":35,"type":333}}
{"ie":496,"lam":{"binderInfo":"default","body":495,"name":8,"type":101}}
{"ie":497,"lam":{"binderInfo":"implicit","body":496,"name":7,"type":106}}
{"ie":498,"lam":{"binderInfo":"implicit","body":497,"name":14,"type":36}}
{"def":{"all":[89],"hints":"abbrev","levelParams":[24,6],"name":89,"safety":"safe","type":491,"value":498}}
{"in":90,"str":{"pre":1,"str":"casesOn"}}
{"app":{"arg":365,"fn":9},"ie":499}
{"forallE":{"binderInfo":"default","body":499,"name":4,"type":0},"ie":500}
{"forallE":{"binderInfo":"default","body":339,"name":10,"type":500},"ie":501}
{"forallE":{"binderInfo":"default","body":501,"name":9,"type":419},"ie":502}
{"forallE":{"binderInfo":"default","body":502,"name":8,"type":0},"ie":503}
{"forallE":{"binderInfo":"implicit","body":503,"name":7,"type":3},"ie":504}
{"ie":505,"lam":{"binderInfo":"default","body":80,"name":11,"type":191}}
{"ie":506,"lam":{"binderInfo":"default","body":505,"name":4,"type":0}}
{"app":{"arg":506,"fn":427},"ie":507}
{"app":{"arg":7,"fn":507},"ie":508}
{"ie":509,"lam":{"binderInfo":"default","body":508,"name":10,"type":500}}
{"ie":510,"lam":{"binderInfo":"default","body":509,"name":9,"type":419}}
{"ie":511,"lam":{"binderInfo":"default","body":510,"name":8,"type":0}}
{"ie":512,"lam":{"binderInfo":"implicit","body":511,"name":7,"type":3}}
{"def":{"all":[90],"hints":"abbrev","levelParams":[6],"name":90,"safety":"safe","type":504,"value":512}}
